{"timestamp": "2026-05-07T18:15:44.788276Z", "level": "INFO", "logger": "backend.main", "message": "Health check endpoint accessed", "module": "main", "function": "health_check", "line": 44}
{"timestamp": "2026-05-07T18:19:35.290980Z", "level": "INFO", "logger": "backend.routes", "message": "Registration attempt for email: likhith@gmail.com, role: candidate", "module": "routes", "function": "register", "line": 77}
{"timestamp": "2026-05-07T18:19:35.333172Z", "level": "WARNING", "logger": "backend.routes", "message": "Email already registered: likhith@gmail.com", "module": "routes", "function": "register", "line": 88}
{"timestamp": "2026-05-07T18:19:41.661248Z", "level": "INFO", "logger": "backend.routes", "message": "Registration attempt for email: likhith2@gmail.com, role: candidate", "module": "routes", "function": "register", "line": 77}
{"timestamp": "2026-05-07T18:19:41.996112Z", "level": "INFO", "logger": "backend.routes", "message": "User registered successfully: likhith2@gmail.com, id: 4", "module": "routes", "function": "register", "line": 103}
{"timestamp": "2026-05-07T18:26:33.095724Z", "level": "INFO", "logger": "backend.main", "message": "Health check endpoint accessed", "module": "main", "function": "health_check", "line": 44}
{"timestamp": "2026-05-07T18:28:57.250713Z", "level": "INFO", "logger": "backend.main", "message": "Health check endpoint accessed", "module": "main", "function": "health_check", "line": 44}
{"timestamp": "2026-05-07T18:31:36.525963Z", "level": "INFO", "logger": "backend.routes", "message": "Loading sentence transformer model", "module": "routes", "function": "get_embedding_model", "line": 48}
{"timestamp": "2026-05-07T18:31:36.530242Z", "level": "INFO", "logger": "sentence_transformers.SentenceTransformer", "message": "Use pytorch device_name: cpu", "module": "SentenceTransformer", "function": "__init__", "line": 219}
{"timestamp": "2026-05-07T18:31:36.531239Z", "level": "INFO", "logger": "sentence_transformers.SentenceTransformer", "message": "Load pretrained SentenceTransformer: all-MiniLM-L6-v2", "module": "SentenceTransformer", "function": "__init__", "line": 227}
{"timestamp": "2026-05-07T18:31:37.519637Z", "level": "INFO", "logger": "httpx", "message": "HTTP Request: HEAD https://huggingface.co/sentence-transformers/all-MiniLM-L6-v2/resolve/main/modules.json \"HTTP/1.1 307 Temporary Redirect\"", "module": "_client", "function": "_send_single_request", "line": 1025}
{"timestamp": "2026-05-07T18:31:37.607948Z", "level": "INFO", "logger": "httpx", "message": "HTTP Request: HEAD https://huggingface.co/api/resolve-cache/models/sentence-transformers/all-MiniLM-L6-v2/c9745ed1d9f207416be6d2e6f8de32d1f16199bf/modules.json \"HTTP/1.1 200 OK\"", "module": "_client", "function": "_send_single_request", "line": 1025}
{"timestamp": "2026-05-07T18:31:37.919113Z", "level": "INFO", "logger": "httpx", "message": "HTTP Request: HEAD https://huggingface.co/sentence-transformers/all-MiniLM-L6-v2/resolve/main/config_sentence_transformers.json \"HTTP/1.1 307 Temporary Redirect\"", "module": "_client", "function": "_send_single_request", "line": 1025}
{"timestamp": "2026-05-07T18:31:37.984017Z", "level": "INFO", "logger": "httpx", "message": "HTTP Request: HEAD https://huggingface.co/api/resolve-cache/models/sentence-transformers/all-MiniLM-L6-v2/c9745ed1d9f207416be6d2e6f8de32d1f16199bf/config_sentence_transformers.json \"HTTP/1.1 200 OK\"", "module": "_client", "function": "_send_single_request", "line": 1025}
{"timestamp": "2026-05-07T18:31:38.299813Z", "level": "INFO", "logger": "httpx", "message": "HTTP Request: HEAD https://huggingface.co/sentence-transformers/all-MiniLM-L6-v2/resolve/main/config_sentence_transformers.json \"HTTP/1.1 307 Temporary Redirect\"", "module": "_client", "function": "_send_single_request", "line": 1025}
{"timestamp": "2026-05-07T18:31:38.300814Z", "level": "WARNING", "logger": "huggingface_hub.utils._http", "message": "Warning: You are sending unauthenticated requests to the HF Hub. Please set a HF_TOKEN to enable higher rate limits and faster downloads.", "module": "_http", "function": "_warn_on_warning_headers", "line": 857}
{"timestamp": "2026-05-07T18:31:38.360901Z", "level": "INFO", "logger": "httpx", "message": "HTTP Request: HEAD https://huggingface.co/api/resolve-cache/models/sentence-transformers/all-MiniLM-L6-v2/c9745ed1d9f207416be6d2e6f8de32d1f16199bf/config_sentence_transformers.json \"HTTP/1.1 200 OK\"", "module": "_client", "function": "_send_single_request", "line": 1025}
{"timestamp": "2026-05-07T18:31:38.694389Z", "level": "INFO", "logger": "httpx", "message": "HTTP Request: HEAD https://huggingface.co/sentence-transformers/all-MiniLM-L6-v2/resolve/main/README.md \"HTTP/1.1 307 Temporary Redirect\"", "module": "_client", "function": "_send_single_request", "line": 1025}
{"timestamp": "2026-05-07T18:31:38.783120Z", "level": "INFO", "logger": "httpx", "message": "HTTP Request: HEAD https://huggingface.co/api/resolve-cache/models/sentence-transformers/all-MiniLM-L6-v2/c9745ed1d9f207416be6d2e6f8de32d1f16199bf/README.md \"HTTP/1.1 200 OK\"", "module": "_client", "function": "_send_single_request", "line": 1025}
{"timestamp": "2026-05-07T18:31:39.109777Z", "level": "INFO", "logger": "httpx", "message": "HTTP Request: HEAD https://huggingface.co/sentence-transformers/all-MiniLM-L6-v2/resolve/main/modules.json \"HTTP/1.1 307 Temporary Redirect\"", "module": "_client", "function": "_send_single_request", "line": 1025}
{"timestamp": "2026-05-07T18:31:39.181510Z", "level": "INFO", "logger": "httpx", "message": "HTTP Request: HEAD https://huggingface.co/api/resolve-cache/models/sentence-transformers/all-MiniLM-L6-v2/c9745ed1d9f207416be6d2e6f8de32d1f16199bf/modules.json \"HTTP/1.1 200 OK\"", "module": "_client", "function": "_send_single_request", "line": 1025}
{"timestamp": "2026-05-07T18:31:39.504552Z", "level": "INFO", "logger": "httpx", "message": "HTTP Request: HEAD https://huggingface.co/sentence-transformers/all-MiniLM-L6-v2/resolve/main/sentence_bert_config.json \"HTTP/1.1 307 Temporary Redirect\"", "module": "_client", "function": "_send_single_request", "line": 1025}
{"timestamp": "2026-05-07T18:31:39.599308Z", "level": "INFO", "logger": "httpx", "message": "HTTP Request: HEAD https://huggingface.co/api/resolve-cache/models/sentence-transformers/all-MiniLM-L6-v2/c9745ed1d9f207416be6d2e6f8de32d1f16199bf/sentence_bert_config.json \"HTTP/1.1 200 OK\"", "module": "_client", "function": "_send_single_request", "line": 1025}
{"timestamp": "2026-05-07T18:31:39.918809Z", "level": "INFO", "logger": "httpx", "message": "HTTP Request: HEAD https://huggingface.co/sentence-transformers/all-MiniLM-L6-v2/resolve/main/adapter_config.json \"HTTP/1.1 404 Not Found\"", "module": "_client", "function": "_send_single_request", "line": 1025}
{"timestamp": "2026-05-07T18:31:40.323332Z", "level": "INFO", "logger": "httpx", "message": "HTTP Request: HEAD https://huggingface.co/sentence-transformers/all-MiniLM-L6-v2/resolve/main/config.json \"HTTP/1.1 307 Temporary Redirect\"", "module": "_client", "function": "_send_single_request", "line": 1025}
{"timestamp": "2026-05-07T18:31:40.383147Z", "level": "INFO", "logger": "httpx", "message": "HTTP Request: HEAD https://huggingface.co/api/resolve-cache/models/sentence-transformers/all-MiniLM-L6-v2/c9745ed1d9f207416be6d2e6f8de32d1f16199bf/config.json \"HTTP/1.1 200 OK\"", "module": "_client", "function": "_send_single_request", "line": 1025}
{"timestamp": "2026-05-07T18:31:41.039306Z", "level": "INFO", "logger": "httpx", "message": "HTTP Request: HEAD https://huggingface.co/sentence-transformers/all-MiniLM-L6-v2/resolve/main/config.json \"HTTP/1.1 307 Temporary Redirect\"", "module": "_client", "function": "_send_single_request", "line": 1025}
{"timestamp": "2026-05-07T18:31:41.125182Z", "level": "INFO", "logger": "httpx", "message": "HTTP Request: HEAD https://huggingface.co/api/resolve-cache/models/sentence-transformers/all-MiniLM-L6-v2/c9745ed1d9f207416be6d2e6f8de32d1f16199bf/config.json \"HTTP/1.1 200 OK\"", "module": "_client", "function": "_send_single_request", "line": 1025}
{"timestamp": "2026-05-07T18:31:41.437469Z", "level": "INFO", "logger": "httpx", "message": "HTTP Request: HEAD https://huggingface.co/sentence-transformers/all-MiniLM-L6-v2/resolve/main/tokenizer_config.json \"HTTP/1.1 307 Temporary Redirect\"", "module": "_client", "function": "_send_single_request", "line": 1025}
{"timestamp": "2026-05-07T18:31:41.524608Z", "level": "INFO", "logger": "httpx", "message": "HTTP Request: HEAD https://huggingface.co/api/resolve-cache/models/sentence-transformers/all-MiniLM-L6-v2/c9745ed1d9f207416be6d2e6f8de32d1f16199bf/tokenizer_config.json \"HTTP/1.1 200 OK\"", "module": "_client", "function": "_send_single_request", "line": 1025}
{"timestamp": "2026-05-07T18:31:41.856309Z", "level": "INFO", "logger": "httpx", "message": "HTTP Request: GET https://huggingface.co/api/models/sentence-transformers/all-MiniLM-L6-v2/tree/main/additional_chat_templates?recursive=false&expand=false \"HTTP/1.1 404 Not Found\"", "module": "_client", "function": "_send_single_request", "line": 1025}
{"timestamp": "2026-05-07T18:31:42.172767Z", "level": "INFO", "logger": "httpx", "message": "HTTP Request: GET https://huggingface.co/api/models/sentence-transformers/all-MiniLM-L6-v2/tree/main?recursive=true&expand=false \"HTTP/1.1 200 OK\"", "module": "_client", "function": "_send_single_request", "line": 1025}
{"timestamp": "2026-05-07T18:31:42.629897Z", "level": "INFO", "logger": "httpx", "message": "HTTP Request: HEAD https://huggingface.co/sentence-transformers/all-MiniLM-L6-v2/resolve/main/1_Pooling/config.json \"HTTP/1.1 307 Temporary Redirect\"", "module": "_client", "function": "_send_single_request", "line": 1025}
{"timestamp": "2026-05-07T18:31:42.695374Z", "level": "INFO", "logger": "httpx", "message": "HTTP Request: HEAD https://huggingface.co/api/resolve-cache/models/sentence-transformers/all-MiniLM-L6-v2/c9745ed1d9f207416be6d2e6f8de32d1f16199bf/1_Pooling%2Fconfig.json \"HTTP/1.1 200 OK\"", "module": "_client", "function": "_send_single_request", "line": 1025}
{"timestamp": "2026-05-07T18:31:43.077003Z", "level": "INFO", "logger": "httpx", "message": "HTTP Request: GET https://huggingface.co/api/models/sentence-transformers/all-MiniLM-L6-v2 \"HTTP/1.1 200 OK\"", "module": "_client", "function": "_send_single_request", "line": 1025}
