{"timestamp": "2026-05-16T07:46:27.804834Z", "level": "INFO", "logger": "backend.routes", "message": "Registration attempt for email: likhith@gmail.com, role: candidate", "module": "routes", "function": "register", "line": 101}
{"timestamp": "2026-05-16T07:46:30.169089Z", "level": "INFO", "logger": "backend.routes", "message": "User registered successfully: likhith@gmail.com, id: 1", "module": "routes", "function": "register", "line": 127}
{"timestamp": "2026-05-16T07:47:45.116491Z", "level": "INFO", "logger": "backend.routes", "message": "Loading sentence transformer model", "module": "routes", "function": "get_embedding_model", "line": 48}
{"timestamp": "2026-05-16T07:47:45.120646Z", "level": "INFO", "logger": "sentence_transformers.SentenceTransformer", "message": "Use pytorch device_name: cpu", "module": "SentenceTransformer", "function": "__init__", "line": 219}
{"timestamp": "2026-05-16T07:47:45.120646Z", "level": "INFO", "logger": "sentence_transformers.SentenceTransformer", "message": "Load pretrained SentenceTransformer: all-MiniLM-L6-v2", "module": "SentenceTransformer", "function": "__init__", "line": 227}
{"timestamp": "2026-05-16T07:47:46.728798Z", "level": "INFO", "logger": "httpx", "message": "HTTP Request: HEAD https://huggingface.co/sentence-transformers/all-MiniLM-L6-v2/resolve/main/modules.json \"HTTP/1.1 307 Temporary Redirect\"", "module": "_client", "function": "_send_single_request", "line": 1025}
{"timestamp": "2026-05-16T07:47:46.806760Z", "level": "INFO", "logger": "httpx", "message": "HTTP Request: HEAD https://huggingface.co/api/resolve-cache/models/sentence-transformers/all-MiniLM-L6-v2/c9745ed1d9f207416be6d2e6f8de32d1f16199bf/modules.json \"HTTP/1.1 200 OK\"", "module": "_client", "function": "_send_single_request", "line": 1025}
{"timestamp": "2026-05-16T07:47:47.286995Z", "level": "INFO", "logger": "httpx", "message": "HTTP Request: HEAD https://huggingface.co/sentence-transformers/all-MiniLM-L6-v2/resolve/main/config_sentence_transformers.json \"HTTP/1.1 307 Temporary Redirect\"", "module": "_client", "function": "_send_single_request", "line": 1025}
{"timestamp": "2026-05-16T07:47:47.288006Z", "level": "WARNING", "logger": "huggingface_hub.utils._http", "message": "Warning: You are sending unauthenticated requests to the HF Hub. Please set a HF_TOKEN to enable higher rate limits and faster downloads.", "module": "_http", "function": "_warn_on_warning_headers", "line": 857}
{"timestamp": "2026-05-16T07:47:47.367425Z", "level": "INFO", "logger": "httpx", "message": "HTTP Request: HEAD https://huggingface.co/api/resolve-cache/models/sentence-transformers/all-MiniLM-L6-v2/c9745ed1d9f207416be6d2e6f8de32d1f16199bf/config_sentence_transformers.json \"HTTP/1.1 200 OK\"", "module": "_client", "function": "_send_single_request", "line": 1025}
{"timestamp": "2026-05-16T07:47:47.769327Z", "level": "INFO", "logger": "httpx", "message": "HTTP Request: HEAD https://huggingface.co/sentence-transformers/all-MiniLM-L6-v2/resolve/main/config_sentence_transformers.json \"HTTP/1.1 307 Temporary Redirect\"", "module": "_client", "function": "_send_single_request", "line": 1025}
{"timestamp": "2026-05-16T07:47:47.846381Z", "level": "INFO", "logger": "httpx", "message": "HTTP Request: HEAD https://huggingface.co/api/resolve-cache/models/sentence-transformers/all-MiniLM-L6-v2/c9745ed1d9f207416be6d2e6f8de32d1f16199bf/config_sentence_transformers.json \"HTTP/1.1 200 OK\"", "module": "_client", "function": "_send_single_request", "line": 1025}
{"timestamp": "2026-05-16T07:47:48.162998Z", "level": "INFO", "logger": "httpx", "message": "HTTP Request: HEAD https://huggingface.co/sentence-transformers/all-MiniLM-L6-v2/resolve/main/README.md \"HTTP/1.1 307 Temporary Redirect\"", "module": "_client", "function": "_send_single_request", "line": 1025}
{"timestamp": "2026-05-16T07:47:48.249361Z", "level": "INFO", "logger": "httpx", "message": "HTTP Request: HEAD https://huggingface.co/api/resolve-cache/models/sentence-transformers/all-MiniLM-L6-v2/c9745ed1d9f207416be6d2e6f8de32d1f16199bf/README.md \"HTTP/1.1 200 OK\"", "module": "_client", "function": "_send_single_request", "line": 1025}
{"timestamp": "2026-05-16T07:47:48.637082Z", "level": "INFO", "logger": "httpx", "message": "HTTP Request: HEAD https://huggingface.co/sentence-transformers/all-MiniLM-L6-v2/resolve/main/modules.json \"HTTP/1.1 307 Temporary Redirect\"", "module": "_client", "function": "_send_single_request", "line": 1025}
{"timestamp": "2026-05-16T07:47:48.718491Z", "level": "INFO", "logger": "httpx", "message": "HTTP Request: HEAD https://huggingface.co/api/resolve-cache/models/sentence-transformers/all-MiniLM-L6-v2/c9745ed1d9f207416be6d2e6f8de32d1f16199bf/modules.json \"HTTP/1.1 200 OK\"", "module": "_client", "function": "_send_single_request", "line": 1025}
{"timestamp": "2026-05-16T07:47:49.198330Z", "level": "INFO", "logger": "httpx", "message": "HTTP Request: HEAD https://huggingface.co/sentence-transformers/all-MiniLM-L6-v2/resolve/main/sentence_bert_config.json \"HTTP/1.1 307 Temporary Redirect\"", "module": "_client", "function": "_send_single_request", "line": 1025}
{"timestamp": "2026-05-16T07:47:49.293028Z", "level": "INFO", "logger": "httpx", "message": "HTTP Request: HEAD https://huggingface.co/api/resolve-cache/models/sentence-transformers/all-MiniLM-L6-v2/c9745ed1d9f207416be6d2e6f8de32d1f16199bf/sentence_bert_config.json \"HTTP/1.1 200 OK\"", "module": "_client", "function": "_send_single_request", "line": 1025}
{"timestamp": "2026-05-16T07:47:49.647542Z", "level": "INFO", "logger": "httpx", "message": "HTTP Request: HEAD https://huggingface.co/sentence-transformers/all-MiniLM-L6-v2/resolve/main/adapter_config.json \"HTTP/1.1 404 Not Found\"", "module": "_client", "function": "_send_single_request", "line": 1025}
{"timestamp": "2026-05-16T07:47:50.004087Z", "level": "INFO", "logger": "httpx", "message": "HTTP Request: HEAD https://huggingface.co/sentence-transformers/all-MiniLM-L6-v2/resolve/main/config.json \"HTTP/1.1 307 Temporary Redirect\"", "module": "_client", "function": "_send_single_request", "line": 1025}
{"timestamp": "2026-05-16T07:47:50.097266Z", "level": "INFO", "logger": "httpx", "message": "HTTP Request: HEAD https://huggingface.co/api/resolve-cache/models/sentence-transformers/all-MiniLM-L6-v2/c9745ed1d9f207416be6d2e6f8de32d1f16199bf/config.json \"HTTP/1.1 200 OK\"", "module": "_client", "function": "_send_single_request", "line": 1025}
{"timestamp": "2026-05-16T07:47:50.967192Z", "level": "INFO", "logger": "httpx", "message": "HTTP Request: HEAD https://huggingface.co/sentence-transformers/all-MiniLM-L6-v2/resolve/main/config.json \"HTTP/1.1 307 Temporary Redirect\"", "module": "_client", "function": "_send_single_request", "line": 1025}
{"timestamp": "2026-05-16T07:47:51.043470Z", "level": "INFO", "logger": "httpx", "message": "HTTP Request: HEAD https://huggingface.co/api/resolve-cache/models/sentence-transformers/all-MiniLM-L6-v2/c9745ed1d9f207416be6d2e6f8de32d1f16199bf/config.json \"HTTP/1.1 200 OK\"", "module": "_client", "function": "_send_single_request", "line": 1025}
{"timestamp": "2026-05-16T07:47:51.446918Z", "level": "INFO", "logger": "httpx", "message": "HTTP Request: HEAD https://huggingface.co/sentence-transformers/all-MiniLM-L6-v2/resolve/main/tokenizer_config.json \"HTTP/1.1 307 Temporary Redirect\"", "module": "_client", "function": "_send_single_request", "line": 1025}
{"timestamp": "2026-05-16T07:47:51.518644Z", "level": "INFO", "logger": "httpx", "message": "HTTP Request: HEAD https://huggingface.co/api/resolve-cache/models/sentence-transformers/all-MiniLM-L6-v2/c9745ed1d9f207416be6d2e6f8de32d1f16199bf/tokenizer_config.json \"HTTP/1.1 200 OK\"", "module": "_client", "function": "_send_single_request", "line": 1025}
{"timestamp": "2026-05-16T07:47:51.927611Z", "level": "INFO", "logger": "httpx", "message": "HTTP Request: GET https://huggingface.co/api/models/sentence-transformers/all-MiniLM-L6-v2/tree/main/additional_chat_templates?recursive=false&expand=false \"HTTP/1.1 404 Not Found\"", "module": "_client", "function": "_send_single_request", "line": 1025}
{"timestamp": "2026-05-16T07:47:52.277526Z", "level": "INFO", "logger": "httpx", "message": "HTTP Request: GET https://huggingface.co/api/models/sentence-transformers/all-MiniLM-L6-v2/tree/main?recursive=true&expand=false \"HTTP/1.1 200 OK\"", "module": "_client", "function": "_send_single_request", "line": 1025}
{"timestamp": "2026-05-16T07:47:52.888219Z", "level": "INFO", "logger": "httpx", "message": "HTTP Request: HEAD https://huggingface.co/sentence-transformers/all-MiniLM-L6-v2/resolve/main/1_Pooling/config.json \"HTTP/1.1 307 Temporary Redirect\"", "module": "_client", "function": "_send_single_request", "line": 1025}
{"timestamp": "2026-05-16T07:47:52.967153Z", "level": "INFO", "logger": "httpx", "message": "HTTP Request: HEAD https://huggingface.co/api/resolve-cache/models/sentence-transformers/all-MiniLM-L6-v2/c9745ed1d9f207416be6d2e6f8de32d1f16199bf/1_Pooling%2Fconfig.json \"HTTP/1.1 200 OK\"", "module": "_client", "function": "_send_single_request", "line": 1025}
{"timestamp": "2026-05-16T07:47:53.368499Z", "level": "INFO", "logger": "httpx", "message": "HTTP Request: GET https://huggingface.co/api/models/sentence-transformers/all-MiniLM-L6-v2 \"HTTP/1.1 200 OK\"", "module": "_client", "function": "_send_single_request", "line": 1025}
{"timestamp": "2026-05-16T07:50:13.836287Z", "level": "INFO", "logger": "backend.routes", "message": "Registration attempt for email: recruiter@company.com, role: recruiter", "module": "routes", "function": "register", "line": 101}
{"timestamp": "2026-05-16T07:50:16.085386Z", "level": "INFO", "logger": "backend.routes", "message": "User registered successfully: recruiter@company.com, id: 2", "module": "routes", "function": "register", "line": 127}
{"timestamp": "2026-05-16T07:58:55.616703Z", "level": "INFO", "logger": "backend.routes", "message": "Registration attempt for email: raj@gmail.com, role: candidate", "module": "routes", "function": "register", "line": 101}
{"timestamp": "2026-05-16T07:58:57.997796Z", "level": "INFO", "logger": "backend.routes", "message": "User registered successfully: raj@gmail.com, id: 3", "module": "routes", "function": "register", "line": 127}
{"timestamp": "2026-05-16T08:00:14.358117Z", "level": "INFO", "logger": "backend.routes", "message": "Loading spaCy model", "module": "routes", "function": "get_nlp", "line": 57}
{"timestamp": "2026-05-16T08:05:42.168269Z", "level": "INFO", "logger": "backend.routes", "message": "Loading spaCy model", "module": "routes", "function": "get_nlp", "line": 57}
